H-good                 manager  oud=pass  nieuw=review_required  viol=False passed=False score=None juridisch=None signals=['\\b(serienummer|serie?nummer|kenteken|vin|isbn|document-?id|identificatienummer|registratienummer|objectnummer|inventarisnummer)\\b', '\\buniek(e)?\\b']
H-good                 cache    oud=pass  nieuw=review_required  viol=False passed=False score=None juridisch=None signals=['\\b(serienummer|serie?nummer|kenteken|vin|isbn|document-?id|identificatienummer|registratienummer|objectnummer|inventarisnummer)\\b', '\\buniek(e)?\\b']
H-bad                  manager  oud=fail  nieuw=review_required  viol=False passed=False score=None juridisch=None signals=[]
H-bad                  cache    oud=fail  nieuw=review_required  viol=False passed=False score=None juridisch=None signals=[]
H-empty_identifier     manager  oud=pass  nieuw=review_required  viol=False passed=False score=None juridisch=None signals=[]
H-empty_identifier     cache    oud=pass  nieuw=review_required  viol=False passed=False score=None juridisch=None signals=[]
H-keyword_specific     manager  oud=pass  nieuw=review_required  viol=False passed=False score=None juridisch=None signals=[]
H-keyword_specific     cache    oud=pass  nieuw=review_required  viol=False passed=False score=None juridisch=None signals=[]
H-natural_boundary     manager  oud=fail  nieuw=review_required  viol=False passed=False score=None juridisch=None signals=[]
H-natural_boundary     cache    oud=fail  nieuw=review_required  viol=False passed=False score=None juridisch=None signals=[]
H-mass_noun            manager  oud=fail  nieuw=review_required  viol=False passed=False score=None juridisch=None signals=[]
H-mass_noun            cache    oud=fail  nieuw=review_required  viol=False passed=False score=None juridisch=None signals=[]
H-empty                manager  oud=fail  nieuw=not_evaluated    viol=False passed=False score=None juridisch=None signals=None
H-empty                cache    oud=fail  nieuw=not_evaluated    viol=False passed=False score=None juridisch=None signals=None
N01-negated            manager  oud=pass  nieuw=review_required  viol=False passed=False score=None juridisch=None signals=['\\buniek(e)?\\b']
N01-negated            cache    oud=pass  nieuw=review_required  viol=False passed=False score=None juridisch=None signals=['\\buniek(e)?\\b']
N02-scope              manager  oud=pass  nieuw=review_required  viol=False passed=False score=None juridisch=None signals=['\\buniek(e)?\\b']
N02-scope              cache    oud=pass  nieuw=review_required  viol=False passed=False score=None juridisch=None signals=['\\buniek(e)?\\b']
N03-compound           manager  oud=fail  nieuw=review_required  viol=False passed=False score=None juridisch=None signals=['\\b(serienummer|serie?nummer|kenteken|vin|isbn|document-?id|identificatienummer|registratienummer|objectnummer|inventarisnummer)\\b']
N03-compound           cache    oud=fail  nieuw=review_required  viol=False passed=False score=None juridisch=None signals=['\\b(serienummer|serie?nummer|kenteken|vin|isbn|document-?id|identificatienummer|registratienummer|objectnummer|inventarisnummer)\\b']
N04-isbn               manager  oud=pass  nieuw=review_required  viol=False passed=False score=None juridisch=None signals=['\\b(serienummer|serie?nummer|kenteken|vin|isbn|document-?id|identificatienummer|registratienummer|objectnummer|inventarisnummer)\\b']
N04-isbn               cache    oud=pass  nieuw=review_required  viol=False passed=False score=None juridisch=None signals=['\\b(serienummer|serie?nummer|kenteken|vin|isbn|document-?id|identificatienummer|registratienummer|objectnummer|inventarisnummer)\\b']
N05-natural            manager  oud=fail  nieuw=review_required  viol=False passed=False score=None juridisch=None signals=[]
N05-natural            cache    oud=fail  nieuw=review_required  viol=False passed=False score=None juridisch=None signals=[]
N06-metadata           manager  oud=pass  nieuw=review_required  viol=False passed=False score=None juridisch=None signals=['\\buniek(e)?\\b']
N06-metadata           cache    oud=pass  nieuw=review_required  viol=False passed=False score=None juridisch=None signals=['\\buniek(e)?\\b']
exit=0
