# DEF-835 Q1 MUTATIECONTROLE — 2026-09-28T16:09:32Z
# plugin: bewijs/q1-mutatie-v1.py (in-memory, repo-bron ongewijzigd); selectie -k 'kwal or driecasus'
f4d09238998b1233f888eb1c702fa2334eb84b50dcbfd80f32ac53fd879a7f06  scripts/analysis/def835_int02_modelproef.py
## mutatie geen_telreservering
## mutatie stand_niet_overnemen
FAILED tests/unit/validation/test_def835_int02_modelproef.py::test_kwal_waarnemer_start_met_cumulatieve_stand
FAILED tests/unit/validation/test_def835_int02_modelproef.py::test_kwal_holdoutcriteria[pass-6-van-8]
FAILED tests/unit/validation/test_def835_int02_modelproef.py::test_kwal_fout_of_kritieke_false_pass_stopt_direct[holdout-false-pass]
FAILED tests/unit/validation/test_def835_int02_modelproef.py::test_kwal_holdoutcriteria[14-van-16]
FAILED tests/unit/validation/test_def835_int02_modelproef.py::test_kwal_mislukte_call_telt_mee_tegen_volle_reservering
FAILED tests/unit/validation/test_def835_int02_modelproef.py::test_kwal_drie_fasen_in_volgorde_cumulatief_binnen_43_calls
FAILED tests/unit/validation/test_def835_int02_modelproef.py::test_kwal_verkeerde_fasevolgorde_weigert_zonder_calls[ontwikkeling-ontwikkeling-fase_al_uitgevoerd]
FAILED tests/unit/validation/test_def835_int02_modelproef.py::test_kwal_holdoutcriteria[fail-3-van-4]
FAILED tests/unit/validation/test_def835_int02_modelproef.py::test_kwal_fout_of_kritieke_false_pass_stopt_direct[ontwikkeling-false-pass]
FAILED tests/unit/validation/test_def835_int02_modelproef.py::test_kwal_fout_of_kritieke_false_pass_stopt_direct[ontwikkeling-providerfout]
FAILED tests/unit/validation/test_def835_int02_modelproef.py::test_kwal_holdoutcriteria[alles-juist]
FAILED tests/unit/validation/test_def835_int02_modelproef.py::test_kwal_holdoutcriteria[rr-pass]
## mutatie geen_false_pass_stop
FAILED tests/unit/validation/test_def835_int02_modelproef.py::test_kwal_fout_of_kritieke_false_pass_stopt_direct[holdout-false-pass]
FAILED tests/unit/validation/test_def835_int02_modelproef.py::test_kwal_fout_of_kritieke_false_pass_stopt_direct[regressie-false-pass]
FAILED tests/unit/validation/test_def835_int02_modelproef.py::test_kwal_fout_of_kritieke_false_pass_stopt_direct[ontwikkeling-false-pass]
3 failed, 79 passed, 74 deselected in 20.42s
## mutatie geen_fasevolgorde
FAILED tests/unit/validation/test_def835_int02_modelproef.py::test_kwal_verkeerde_fasevolgorde_weigert_zonder_calls[regressie-holdout-fasevolgorde]
FAILED tests/unit/validation/test_def835_int02_modelproef.py::test_kwal_onjuiste_regressiestatus_blokkeert_volgende_fase
2 failed, 80 passed, 74 deselected in 20.43s
## mutatie geen_ruimtecontrole
FAILED tests/unit/validation/test_def835_int02_modelproef.py::test_kwal_cumulatieve_looptijd_weigert_voor_de_fase
FAILED tests/unit/validation/test_def835_int02_modelproef.py::test_kwal_cumulatief_budget_weigert_voor_de_fase
FAILED tests/unit/validation/test_def835_int02_modelproef.py::test_kwal_calllimiet_ontoereikend_bij_verbruikte_calls
3 failed, 79 passed, 74 deselected in 20.27s
## mutatie label_niet_in_identiteit
FAILED tests/unit/validation/test_def835_int02_modelproef.py::test_kwal_labels_raken_payload_niet_maar_wel_de_identiteit
FAILED tests/unit/validation/test_def835_int02_modelproef.py::test_kwal_voorbereiding_bindt_invoer_labels_splitsing_en_profiel
2 failed, 80 passed, 74 deselected in 20.47s
## mutatie testfixture_live
FAILED tests/unit/validation/test_def835_int02_modelproef.py::test_kwal_testfixture_gaat_nooit_echt_live
1 failed, 81 passed, 74 deselected in 19.79s
## mutatie geen_labelminima
FAILED tests/unit/validation/test_def835_int02_modelproef.py::test_kwal_holdoutcriteria[rr-2-van-4]
FAILED tests/unit/validation/test_def835_int02_modelproef.py::test_kwal_holdoutcriteria[fail-3-van-4]
FAILED tests/unit/validation/test_def835_int02_modelproef.py::test_kwal_holdoutcriteria[pass-6-van-8]
3 failed, 79 passed, 74 deselected in 20.38s
## mutatie onzekere_call_gratis
E         comparison failed
E         comparison failed
FAILED tests/unit/validation/test_def835_int02_modelproef.py::test_kwal_open_fase_in_grootboek_blokkeert_hergebruik
FAILED tests/unit/validation/test_def835_int02_modelproef.py::test_kwal_mislukte_call_telt_mee_tegen_volle_reservering
2 failed, 80 passed, 74 deselected in 19.91s
## mutatie oud_akkoordtype
FAILED tests/unit/validation/test_def835_int02_modelproef.py::test_kwal_weigert_ongeldig_akkoord_zonder_verzoek_sleutel_of_proefmap[soort]
1 failed, 81 passed, 74 deselected in 20.84s
## mutatie freeze_niet_vereist
FAILED tests/unit/validation/test_def835_int02_modelproef.py::test_kwal_voorbereiding_weigert_ongeldig_of_niet_bevroren_manifest[geen-freeze]
FAILED tests/unit/validation/test_def835_int02_modelproef.py::test_kwal_voorbereiding_weigert_ongeldig_of_niet_bevroren_manifest[freeze-concept]
FAILED tests/unit/validation/test_def835_int02_modelproef.py::test_kwal_voorbereiding_weigert_ongeldig_of_niet_bevroren_manifest[freeze-datum]
FAILED tests/unit/validation/test_def835_int02_modelproef.py::test_kwal_voorbereiding_weigert_ongeldig_of_niet_bevroren_manifest[freeze-zonder-acceptant]
4 failed, 78 passed, 74 deselected in 21.04s
