FFFFFFFFFFFFFFFFFFFFFFFFFFFFFFFFFFFFFFFFFFFFFFFFFFFFFFFFFFFFFFFFFFFFFFFF [ 44%]
FFFFFFFFFFFFFFFFFFFFFFFFFFFFFFFFFFFFFFFFFFFFFFFFFFFFFFFFFFFFFFFFFFFFFFFF [ 88%]
FFFFFFFFFFFFFFFFFF                                                       [100%]
=========================== short test summary info ============================
FAILED tests/unit/domain/test_def835_int02_contract.py::test_ongeldige_uitvoeringsmetadata_wordt_geweigerd[pogingen-bool]
FAILED tests/unit/domain/test_def835_int02_contract.py::test_structureel_ongeldige_uitvoer_is_technische_fout[reason-leeg]
FAILED tests/unit/domain/test_def835_int02_contract.py::test_structureel_ongeldige_uitvoer_is_technische_fout[passage-onbekend-veld]
FAILED tests/unit/domain/test_def835_int02_contract.py::test_structureel_ongeldige_uitvoer_is_technische_fout[grond-onbekend-veld]
FAILED tests/unit/domain/test_def835_int02_contract.py::test_gemanipuleerd_document_wordt_niet_als_actueel_geaccepteerd[status]
FAILED tests/unit/domain/test_def835_int02_contract.py::test_inconsistent_oordeel_is_technische_fout_zonder_reparatie[pass-geen-dekking]
FAILED tests/unit/domain/test_def835_int02_contract.py::test_inconsistent_oordeel_is_technische_fout_zonder_reparatie[pass-gedeeltelijke-dekking]
FAILED tests/unit/domain/test_def835_int02_contract.py::test_ongeldige_invoer_wordt_geweigerd[bron-zonder-tekst]
FAILED tests/unit/domain/test_def835_int02_contract.py::test_c118_oud_oordeel_wordt_historisch_voor_nieuwe_versie
FAILED tests/unit/domain/test_def835_int02_contract.py::test_ongeldige_configuratie_wordt_geweigerd[prompt-none]
FAILED tests/unit/domain/test_def835_int02_contract.py::test_elke_bindingscomponent_maakt_oud_oordeel_historisch[bedoeling]
FAILED tests/unit/domain/test_def835_int02_contract.py::test_elke_bindingscomponent_maakt_oud_oordeel_historisch[routeringshash]
FAILED tests/unit/domain/test_def835_int02_contract.py::test_niet_herleidbare_grond_is_technische_fout[onbekende-bron]
FAILED tests/unit/domain/test_def835_int02_contract.py::test_inconsistent_oordeel_is_technische_fout_zonder_reparatie[pass-zonder-passages]
FAILED tests/unit/domain/test_def835_int02_contract.py::test_elke_bindingscomponent_maakt_oud_oordeel_historisch[bron-erbij]
FAILED tests/unit/domain/test_def835_int02_contract.py::test_elke_bindingscomponent_maakt_oud_oordeel_historisch[organisatorische-context]
FAILED tests/unit/domain/test_def835_int02_contract.py::test_elke_bindingscomponent_maakt_oud_oordeel_historisch[juridische-context]
FAILED tests/unit/domain/test_def835_int02_contract.py::test_gerapporteerde_metingen_blijven_behouden_in_document
FAILED tests/unit/domain/test_def835_int02_contract.py::test_ongeldige_uitvoeringsmetadata_wordt_geweigerd[actor-onbekend]
FAILED tests/unit/domain/test_def835_int02_contract.py::test_structureel_ongeldige_uitvoer_is_technische_fout[geen-object]
FAILED tests/unit/domain/test_def835_int02_contract.py::test_structureel_ongeldige_uitvoer_is_technische_fout[grond-veld-onbekend]
FAILED tests/unit/domain/test_def835_int02_contract.py::test_inconsistent_oordeel_is_technische_fout_zonder_reparatie[fail-zonder-passages]
FAILED tests/unit/domain/test_def835_int02_contract.py::test_structureel_ongeldige_uitvoer_is_technische_fout[grond-kern-met-ref]
FAILED tests/unit/domain/test_def835_int02_contract.py::test_inconsistent_oordeel_is_technische_fout_zonder_reparatie[o-zonder-vraag]
FAILED tests/unit/domain/test_def835_int02_contract.py::test_not_applicable_met_reikwijdtegrond
FAILED tests/unit/domain/test_def835_int02_contract.py::test_elke_bindingscomponent_maakt_oud_oordeel_historisch[brontekst]
FAILED tests/unit/domain/test_def835_int02_contract.py::test_contractdocument_legt_versies_en_exacte_meldingen_vast
FAILED tests/unit/domain/test_def835_int02_contract.py::test_onvoldoende_informatie_geeft_precies_een_vraag
FAILED tests/unit/domain/test_def835_int02_contract.py::test_ongeldige_uitvoeringsmetadata_wordt_geweigerd[categorie-onbekend]
FAILED tests/unit/domain/test_def835_int02_contract.py::test_niet_beslissende_onzekerheid_blokkeert_pass_niet
FAILED tests/unit/domain/test_def835_int02_contract.py::test_gemanipuleerd_document_wordt_niet_als_actueel_geaccepteerd[invoer]
FAILED tests/unit/domain/test_def835_int02_contract.py::test_elke_bindingscomponent_maakt_oud_oordeel_historisch[kern-witruimte]
FAILED tests/unit/domain/test_def835_int02_contract.py::test_structureel_ongeldige_uitvoer_is_technische_fout[veld-ontbreekt]
FAILED tests/unit/domain/test_def835_int02_contract.py::test_niet_herleidbare_grond_is_technische_fout[contextindex-bool]
FAILED tests/unit/domain/test_def835_int02_contract.py::test_structureel_ongeldige_uitvoer_is_technische_fout[passage-geen-object]
FAILED tests/unit/domain/test_def835_int02_contract.py::test_inconsistent_oordeel_is_technische_fout_zonder_reparatie[o-met-bewezen-gebrek]
FAILED tests/unit/domain/test_def835_int02_contract.py::test_bool_is_geen_passagepositie
FAILED tests/unit/domain/test_def835_int02_contract.py::test_ongeldige_invoer_wordt_geweigerd[bedoeling-geen-str]
FAILED tests/unit/domain/test_def835_int02_contract.py::test_voltooide_uitvoering_zonder_uitvoer_is_technische_fout
FAILED tests/unit/domain/test_def835_int02_contract.py::test_fail_blijft_fail_met_open_vraag_en_onzekerheid
FAILED tests/unit/domain/test_def835_int02_contract.py::test_ongeldige_uitvoeringsmetadata_wordt_geweigerd[tokens-negatief]
FAILED tests/unit/domain/test_def835_int02_contract.py::test_niet_uitgevoerde_beoordeling_is_nog_te_beoordelen
FAILED tests/unit/domain/test_def835_int02_contract.py::test_ontwerpgeval_geeft_verwachte_status[C117-verzonnen-citaat]
FAILED tests/unit/domain/test_def835_int02_contract.py::test_ontbrekend_document_zonder_context_is_niet_uitgevoerd
FAILED tests/unit/domain/test_def835_int02_contract.py::test_inconsistent_oordeel_is_technische_fout_zonder_reparatie[pass-met-onduidelijke-passage]
FAILED tests/unit/domain/test_def835_int02_contract.py::test_ongeldige_invoer_wordt_geweigerd[begrip-none]
FAILED tests/unit/domain/test_def835_int02_contract.py::test_ongeldige_invoer_wordt_geweigerd[bron-onbekend-veld]
FAILED tests/unit/domain/test_def835_int02_contract.py::test_structureel_ongeldige_uitvoer_is_technische_fout[scope-reason-geen-str]
FAILED tests/unit/domain/test_def835_int02_contract.py::test_ongeldige_configuratie_wordt_geweigerd[provider-leeg]
FAILED tests/unit/domain/test_def835_int02_contract.py::test_ontbrekende_invoer[witruimte]
FAILED tests/unit/domain/test_def835_int02_contract.py::test_discretionaire_beslisregel_geeft_discretievariant
FAILED tests/unit/domain/test_def835_int02_contract.py::test_elke_bindingscomponent_maakt_oud_oordeel_historisch[normversie]
FAILED tests/unit/domain/test_def835_int02_contract.py::test_ontbrekend_document_is_nog_niet_beoordeeld
FAILED tests/unit/domain/test_def835_int02_contract.py::test_inconsistent_oordeel_is_technische_fout_zonder_reparatie[pass-beslissende-onzekerheid]
FAILED tests/unit/domain/test_def835_int02_contract.py::test_herleidbare_grond_wordt_geaccepteerd[kern]
FAILED tests/unit/domain/test_def835_int02_contract.py::test_herleidbare_grond_wordt_geaccepteerd[bron-verwezen]
FAILED tests/unit/domain/test_def835_int02_contract.py::test_ongeldige_invoer_wordt_geweigerd[bron-dubbele-id]
FAILED tests/unit/domain/test_def835_int02_contract.py::test_oordeel_is_een_kopie_en_invoerrespons_blijft_ongewijzigd
FAILED tests/unit/domain/test_def835_int02_contract.py::test_ongeldige_uitvoeringsmetadata_wordt_geweigerd[kosten-float]
FAILED tests/unit/domain/test_def835_int02_contract.py::test_niet_uitgevoerd_negeert_meegegeven_oordeel
FAILED tests/unit/domain/test_def835_int02_contract.py::test_structureel_ongeldige_uitvoer_is_technische_fout[passage-veld-ontbreekt]
FAILED tests/unit/domain/test_def835_int02_contract.py::test_structureel_ongeldige_uitvoer_is_technische_fout[verdict-onbekend]
FAILED tests/unit/domain/test_def835_int02_contract.py::test_ongeldige_uitvoeringsmetadata_wordt_geweigerd[tokens-str]
FAILED tests/unit/domain/test_def835_int02_contract.py::test_niet_herleidbare_grond_is_technische_fout[bronpositie-verschoven]
FAILED tests/unit/domain/test_def835_int02_contract.py::test_structureel_ongeldige_uitvoer_is_technische_fout[reason-geen-str]
FAILED tests/unit/domain/test_def835_int02_contract.py::test_ongeldige_configuratie_wordt_geweigerd[normhash-kort]
FAILED tests/unit/domain/test_def835_int02_contract.py::test_binding_legt_versies_en_hashes_vast
FAILED tests/unit/domain/test_def835_int02_contract.py::test_inconsistent_oordeel_is_technische_fout_zonder_reparatie[pass-met-reikwijdtegrond]
FAILED tests/unit/domain/test_def835_int02_contract.py::test_herleidbare_grond_wordt_geaccepteerd[wettelijke-basis]
FAILED tests/unit/domain/test_def835_int02_contract.py::test_inconsistent_oordeel_is_technische_fout_zonder_reparatie[o-met-twee-vragen]
FAILED tests/unit/domain/test_def835_int02_contract.py::test_ontbrekende_invoer[geen-context]
FAILED tests/unit/domain/test_def835_int02_contract.py::test_transportfout_negeert_meegegeven_uitvoer
FAILED tests/unit/domain/test_def835_int02_contract.py::test_ontbrekende_invoer[beide]
FAILED tests/unit/domain/test_def835_int02_contract.py::test_invoer_is_defensieve_kopie
FAILED tests/unit/domain/test_def835_int02_contract.py::test_inconsistent_oordeel_is_technische_fout_zonder_reparatie[fail-met-twee-vragen]
FAILED tests/unit/domain/test_def835_int02_contract.py::test_onjuist_passagecitaat_is_technische_fout[negatieve-start]
FAILED tests/unit/domain/test_def835_int02_contract.py::test_niet_herleidbare_grond_is_technische_fout[contextindex-str]
FAILED tests/unit/domain/test_def835_int02_contract.py::test_structureel_ongeldige_uitvoer_is_technische_fout[onbekend-veld-score]
FAILED tests/unit/domain/test_def835_int02_contract.py::test_ongeldige_uitvoeringsmetadata_wordt_geweigerd[codecategorie-als-transportfout]
FAILED tests/unit/domain/test_def835_int02_contract.py::test_niet_herleidbare_grond_is_technische_fout[verzonnen-broncitaat]
FAILED tests/unit/domain/test_def835_int02_contract.py::test_structureel_ongeldige_uitvoer_is_technische_fout[functie-onbekend]
FAILED tests/unit/domain/test_def835_int02_contract.py::test_structureel_ongeldige_uitvoer_is_technische_fout[passages-geen-lijst]
FAILED tests/unit/domain/test_def835_int02_contract.py::test_ongeldige_uitvoeringsmetadata_wordt_geweigerd[status-onbekend]
FAILED tests/unit/domain/test_def835_int02_contract.py::test_herleidbare_grond_wordt_geaccepteerd[context-geciteerd]
FAILED tests/unit/domain/test_def835_int02_contract.py::test_ontbrekende_invoer[leeg]
FAILED tests/unit/domain/test_def835_int02_contract.py::test_label_zonder_kern_is_niet_uitgevoerd_ook_bij_na_oordeel
FAILED tests/unit/domain/test_def835_int02_contract.py::test_onbekende_bedoeling_blijft_expliciet_onbekend
FAILED tests/unit/domain/test_def835_int02_contract.py::test_elke_bindingscomponent_maakt_oud_oordeel_historisch[normhash]
FAILED tests/unit/domain/test_def835_int02_contract.py::test_structureel_ongeldige_uitvoer_is_technische_fout[coverage-onbekend]
FAILED tests/unit/domain/test_def835_int02_contract.py::test_kern_wordt_bytegelijk_bewaard
FAILED tests/unit/domain/test_def835_int02_contract.py::test_inconsistent_oordeel_is_technische_fout_zonder_reparatie[pass-met-vraag]
FAILED tests/unit/domain/test_def835_int02_contract.py::test_ontwerpgeval_geeft_verwachte_status[C112]
FAILED tests/unit/domain/test_def835_int02_contract.py::test_ongeldige_invoer_wordt_geweigerd[context-bool]
FAILED tests/unit/domain/test_def835_int02_contract.py::test_ongeldige_invoer_wordt_geweigerd[bron-lege-id]
FAILED tests/unit/domain/test_def835_int02_contract.py::test_inconsistent_oordeel_is_technische_fout_zonder_reparatie[fail-zonder-gebrek]
FAILED tests/unit/domain/test_def835_int02_contract.py::test_onjuist_passagecitaat_is_technische_fout[hoofdletter]
FAILED tests/unit/domain/test_def835_int02_contract.py::test_herleidbare_grond_wordt_geaccepteerd[bron-geciteerd]
FAILED tests/unit/domain/test_def835_int02_contract.py::test_inconsistent_oordeel_is_technische_fout_zonder_reparatie[na-zonder-reikwijdtegrond]
FAILED tests/unit/domain/test_def835_int02_contract.py::test_gemanipuleerd_document_wordt_niet_als_actueel_geaccepteerd[melding]
FAILED tests/unit/domain/test_def835_int02_contract.py::test_elke_bindingscomponent_maakt_oud_oordeel_historisch[model]
FAILED tests/unit/domain/test_def835_int02_contract.py::test_ongeldige_invoer_wordt_geweigerd[context-geen-lijst]
FAILED tests/unit/domain/test_def835_int02_contract.py::test_ontwerpgeval_geeft_verwachte_status[C117-timeout]
FAILED tests/unit/domain/test_def835_int02_contract.py::test_structureel_ongeldige_uitvoer_is_technische_fout[grond-citaat-zonder-positie]
FAILED tests/unit/domain/test_def835_int02_contract.py::test_document_is_json_serialiseerbaar_zonder_score
FAILED tests/unit/domain/test_def835_int02_contract.py::test_inconsistent_oordeel_is_technische_fout_zonder_reparatie[o-zonder-beslissende-onzekerheid]
FAILED tests/unit/domain/test_def835_int02_contract.py::test_niet_herleidbare_grond_is_technische_fout[bron-zonder-id]
FAILED tests/unit/domain/test_def835_int02_contract.py::test_grond_op_onbekende_bedoeling_is_niet_herleidbaar
FAILED tests/unit/domain/test_def835_int02_contract.py::test_ontbrekende_invoer[label]
FAILED tests/unit/domain/test_def835_int02_contract.py::test_onjuist_passagecitaat_is_technische_fout[verschoven]
FAILED tests/unit/domain/test_def835_int02_contract.py::test_actorvoorschrift_geeft_exacte_voldoet_niet_melding
FAILED tests/unit/domain/test_def835_int02_contract.py::test_inconsistent_oordeel_is_technische_fout_zonder_reparatie[na-met-vraag]
FAILED tests/unit/domain/test_def835_int02_contract.py::test_ontwerpgeval_geeft_verwachte_status[C101]
FAILED tests/unit/domain/test_def835_int02_contract.py::test_inconsistent_oordeel_is_technische_fout_zonder_reparatie[na-voor-afleiding]
FAILED tests/unit/domain/test_def835_int02_contract.py::test_pass_geeft_exacte_voldoet_melding[C116]
FAILED tests/unit/domain/test_def835_int02_contract.py::test_structureel_ongeldige_uitvoer_is_technische_fout[uncertainty-onbekend]
FAILED tests/unit/domain/test_def835_int02_contract.py::test_elke_bindingscomponent_maakt_oud_oordeel_historisch[bron-id]
FAILED tests/unit/domain/test_def835_int02_contract.py::test_ontwerpgeval_geeft_verwachte_status[C23]
FAILED tests/unit/domain/test_def835_int02_contract.py::test_ongewijzigde_binding_geeft_bewaard_oordeel[C116]
FAILED tests/unit/domain/test_def835_int02_contract.py::test_voorwaardewoord_leidt_niet_tot_afkeur
FAILED tests/unit/domain/test_def835_int02_contract.py::test_ontwerpgeval_geeft_verwachte_status[C06]
FAILED tests/unit/domain/test_def835_int02_contract.py::test_structureel_ongeldige_uitvoer_is_technische_fout[question-lijst]
FAILED tests/unit/domain/test_def835_int02_contract.py::test_onjuist_passagecitaat_is_technische_fout[leeg-citaat]
FAILED tests/unit/domain/test_def835_int02_contract.py::test_inconsistent_oordeel_is_technische_fout_zonder_reparatie[o-lege-vraag]
FAILED tests/unit/domain/test_def835_int02_contract.py::test_ontwerpgeval_geeft_verwachte_status[C56]
FAILED tests/unit/domain/test_def835_int02_contract.py::test_invoer_is_onveranderlijk
FAILED tests/unit/domain/test_def835_int02_contract.py::test_onjuist_passagecitaat_is_technische_fout[einde-inclusief]
FAILED tests/unit/domain/test_def835_int02_contract.py::test_structureel_ongeldige_uitvoer_is_technische_fout[start-str]
FAILED tests/unit/domain/test_def835_int02_contract.py::test_structureel_ongeldige_uitvoer_is_technische_fout[grond-ref-ontbreekt]
FAILED tests/unit/domain/test_def835_int02_contract.py::test_citaat_wordt_niet_genormaliseerd
FAILED tests/unit/domain/test_def835_int02_contract.py::test_elke_bindingscomponent_maakt_oud_oordeel_historisch[begrip]
FAILED tests/unit/domain/test_def835_int02_contract.py::test_ontwerpgeval_geeft_verwachte_status[C115]
FAILED tests/unit/domain/test_def835_int02_contract.py::test_ontwerpgeval_geeft_verwachte_status[C105]
FAILED tests/unit/domain/test_def835_int02_contract.py::test_niet_herleidbare_grond_is_technische_fout[contextindex-buiten-lijst]
FAILED tests/unit/domain/test_def835_int02_contract.py::test_pass_geeft_exacte_voldoet_melding[C112]
FAILED tests/unit/domain/test_def835_int02_contract.py::test_ongewijzigde_binding_geeft_bewaard_oordeel[C107]
FAILED tests/unit/domain/test_def835_int02_contract.py::test_structureel_ongeldige_uitvoer_is_technische_fout[start-float]
FAILED tests/unit/domain/test_def835_int02_contract.py::test_herleidbare_grond_wordt_geaccepteerd[begrip]
FAILED tests/unit/domain/test_def835_int02_contract.py::test_structureel_ongeldige_uitvoer_is_technische_fout[grond-start-bool]
FAILED tests/unit/domain/test_def835_int02_contract.py::test_elke_bindingscomponent_maakt_oud_oordeel_historisch[provider]
FAILED tests/unit/domain/test_def835_int02_contract.py::test_elke_bindingscomponent_maakt_oud_oordeel_historisch[promptversie]
FAILED tests/unit/domain/test_def835_int02_contract.py::test_ontbrekende_metingen_zijn_expliciet_onbekend
FAILED tests/unit/domain/test_def835_int02_contract.py::test_ontwerpgeval_geeft_verwachte_status[C107]
FAILED tests/unit/domain/test_def835_int02_contract.py::test_inconsistent_oordeel_is_technische_fout_zonder_reparatie[na-met-dekking]
FAILED tests/unit/domain/test_def835_int02_contract.py::test_elke_bindingscomponent_maakt_oud_oordeel_historisch[wettelijke-basis]
FAILED tests/unit/domain/test_def835_int02_contract.py::test_ongewijzigde_binding_geeft_bewaard_oordeel[C105]
FAILED tests/unit/domain/test_def835_int02_contract.py::test_ongeldige_uitvoeringsmetadata_wordt_geweigerd[voltooid-met-categorie]
FAILED tests/unit/domain/test_def835_int02_contract.py::test_code_overrulet_modelfunctie_niet_op_woorden
FAILED tests/unit/domain/test_def835_int02_contract.py::test_onjuist_passagecitaat_is_technische_fout[einde-voorbij-kern]
FAILED tests/unit/domain/test_def835_int02_contract.py::test_onjuist_passagecitaat_is_technische_fout[niet-in-kern]
FAILED tests/unit/domain/test_def835_int02_contract.py::test_inconsistent_oordeel_is_technische_fout_zonder_reparatie[pass-met-voorschrift]
FAILED tests/unit/domain/test_def835_int02_contract.py::test_structureel_ongeldige_uitvoer_is_technische_fout[verdict-none]
FAILED tests/unit/domain/test_def835_int02_contract.py::test_ongeldige_uitvoeringsmetadata_wordt_geweigerd[tijdstip-int]
FAILED tests/unit/domain/test_def835_int02_contract.py::test_ongeldige_invoer_wordt_geweigerd[wettelijke-basis-none]
FAILED tests/unit/domain/test_def835_int02_contract.py::test_ontbrekende_invoer[compleet]
FAILED tests/unit/domain/test_def835_int02_contract.py::test_ongeldige_uitvoeringsmetadata_wordt_geweigerd[fout-zonder-categorie]
FAILED tests/unit/domain/test_def835_int02_contract.py::test_inconsistent_oordeel_is_technische_fout_zonder_reparatie[o-vraag-zonder-vraagteken]
FAILED tests/unit/domain/test_def835_int02_contract.py::test_ongeldige_configuratie_wordt_geweigerd[routeringshash-geen-hex]
FAILED tests/unit/domain/test_def835_int02_contract.py::test_ontwerpgeval_geeft_verwachte_status[C116]
FAILED tests/unit/domain/test_def835_int02_contract.py::test_document_is_onveranderlijk
FAILED tests/unit/domain/test_def835_int02_contract.py::test_ongeldige_uitvoeringsmetadata_wordt_geweigerd[duur-float]
FAILED tests/unit/domain/test_def835_int02_contract.py::test_ongeldige_invoer_wordt_geweigerd[kern-geen-str]
FAILED tests/unit/domain/test_def835_int02_contract.py::test_ongeldige_configuratie_wordt_geweigerd[model-bool]
162 failed in 0.78s
