# DEF-835 WP2 regressie (WP1, INT-02 O1, INT-03, ESS-03, AI-keten, ModelRouter) — 2026-09-27T07:54:15Z
# HEAD b56e0e225e65eac00ad73239900d2e6c1bfc2422; branch feature/DEF-835-int02-o2
# sha256 a0f477706af5b5f0e83cf369d23e947127e171b3ab29804890efa9354700a1e0  src/services/validation/int02_assessment_service.py
# sha256 7dd08d1d6400121ffb9ba5a1fa50dab119421b72d26d144bc1b68c5ea7cc89f9  tests/unit/validation/test_def835_int02_assessment_service.py
# sha256 2efcd7ae505a58f2b93731b36fd763c718f073776745e7a28944dc4967426a0b  tests/unit/services/prompts/test_def835_int02_prompt.py
# commando: /Users/chrislehnen/Projecten/Definitie-app/.venv/bin/python -m pytest tests/unit/domain/test_def835_int02_contract.py tests/unit/validation/test_def771_int02_o1.py tests/unit/validation/test_def771_int02_contract.py tests/unit/services/prompts/test_def771_int02_promptnorm.py tests/unit/validation/test_def772_int03_assessment_service.py tests/unit/validation/test_def772_int03_evaluator.py tests/unit/validation/test_def766_ess03_assessment_service.py tests/unit/validation/test_def766_ess03_correcties_service.py tests/unit/validation/test_def766_ess03_truncation.py tests/unit/test_ai_service_v2_batch.py tests/unit/test_ai_service_v2_routing.py tests/unit/services/test_def766_ai_route_optins.py tests/unit/services/test_def766_ess03_eventloop_transport.py tests/unit/test_model_router.py -o addopts= -q -ra

........................................................................ [ 16%]
........................................................................ [ 33%]
........................................................................ [ 49%]
..........................sss.s..sssss.ss............................... [ 66%]
........................................................................ [ 82%]
........................................................................ [ 99%]
..                                                                       [100%]
=========================== short test summary info ============================
SKIPPED [2] tests/unit/validation/test_def771_int02_contract.py:183: DEF771_SKILLS_ROOT niet gezet: skillcontract (tweede repository _claude-global-setup) niet gecontroleerd
SKIPPED [3] tests/unit/validation/test_def771_int02_contract.py:165: DEF771_SKILLS_ROOT niet gezet: skillcontract (tweede repository _claude-global-setup) niet gecontroleerd
SKIPPED [1] tests/unit/validation/test_def771_int02_contract.py:153: DEF771_SKILLS_ROOT niet gezet: skillcontract (tweede repository _claude-global-setup) niet gecontroleerd
SKIPPED [1] tests/unit/validation/test_def771_int02_contract.py:142: DEF771_SKILLS_ROOT niet gezet: skillcontract (tweede repository _claude-global-setup) niet gecontroleerd
SKIPPED [1] tests/unit/validation/test_def771_int02_contract.py:131: DEF771_SKILLS_ROOT niet gezet: skillcontract (tweede repository _claude-global-setup) niet gecontroleerd
SKIPPED [1] tests/unit/validation/test_def771_int02_contract.py:160: DEF771_SKILLS_ROOT niet gezet: skillcontract (tweede repository _claude-global-setup) niet gecontroleerd
SKIPPED [1] tests/unit/validation/test_def771_int02_contract.py:138: DEF771_SKILLS_ROOT niet gezet: skillcontract (tweede repository _claude-global-setup) niet gecontroleerd
SKIPPED [1] tests/unit/validation/test_def771_int02_contract.py:172: DEF771_SKILLS_ROOT niet gezet: skillcontract (tweede repository _claude-global-setup) niet gecontroleerd
423 passed, 11 skipped in 3.44s
# exitcode: 0
