# DEF-835 WP2 correcties F1/F2/F3 — GREEN — 2026-09-27T08:12:14Z
# HEAD 0e336c6c4b40fd53d4a1ef3c2283f6a99691510f; branch feature/DEF-835-int02-o2
# sha256 dda9d274e3b7a93973f9df0bc3de0b422fe4d96d1766beb536162914a68c049e  src/services/validation/int02_assessment_service.py
# sha256 ca82cce18816e1f5b714678a5234596a536abb26ee202d56437d94a5173a0c1b  tests/unit/validation/test_def835_int02_assessment_service.py
# sha256 2efcd7ae505a58f2b93731b36fd763c718f073776745e7a28944dc4967426a0b  tests/unit/services/prompts/test_def835_int02_prompt.py

## run 1: WP2-testset
# commando: /Users/chrislehnen/Projecten/Definitie-app/.venv/bin/python -m pytest tests/unit/validation/test_def835_int02_assessment_service.py tests/unit/services/prompts/test_def835_int02_prompt.py -o addopts= -q -ra
........................................................................ [ 38%]
........................................................................ [ 77%]
..........................................                               [100%]
186 passed in 1.34s
# exitcode run 1: 0

## run 2: regressie (WP1, INT-02 O1/promptnorm/skillcontract, INT-03, ESS-03, AIServiceV2, DEF-766-transport, ModelRouter)
# skillbron /Users/chrislehnen/Projecten/_claude-global-setup/.worktrees/DEF-771-int02-skills/skills (git HEAD 7223d8030d10999d0eb1ddb108e7baa0a7c95f34); int02-beslisregel.md sha256 bc16c128c43e247b25db996d25059af48fe56dccea5cdc4012ceb401746b043c
# commando: DEF771_SKILLS_ROOT=/Users/chrislehnen/Projecten/_claude-global-setup/.worktrees/DEF-771-int02-skills/skills /Users/chrislehnen/Projecten/Definitie-app/.venv/bin/python -m pytest tests/unit/domain/test_def835_int02_contract.py tests/unit/validation/test_def771_int02_o1.py tests/unit/validation/test_def771_int02_contract.py tests/unit/services/prompts/test_def771_int02_promptnorm.py tests/unit/validation/test_def772_int03_assessment_service.py tests/unit/validation/test_def772_int03_evaluator.py tests/unit/validation/test_def766_ess03_assessment_service.py tests/unit/validation/test_def766_ess03_correcties_service.py tests/unit/validation/test_def766_ess03_truncation.py tests/unit/test_ai_service_v2_batch.py tests/unit/test_ai_service_v2_routing.py tests/unit/services/test_def766_ai_route_optins.py tests/unit/services/test_def766_ess03_eventloop_transport.py tests/unit/test_model_router.py -o addopts= -q -ra
........................................................................ [ 16%]
........................................................................ [ 33%]
........................................................................ [ 49%]
........................................................................ [ 66%]
........................................................................ [ 82%]
........................................................................ [ 99%]
..                                                                       [100%]
434 passed in 3.37s
# exitcode run 2: 0
