# WP2 GREEN — 2026-09-25T21:10:11Z
# app HEAD 0d26f0f4f5b2ebebe1c7d71fbff5e4ddb66b8c0d + ongecommitte WP1/WP2-werkboom

## 1. commando: .venv/bin/python -m pytest tests/unit/services/prompts/test_def771_int02_promptnorm.py tests/unit/services/prompts/test_def770_int01_promptnorm.py -v -ra -p no:cacheprovider
============================= test session starts ==============================
platform darwin -- Python 3.13.15, pytest-9.0.3, pluggy-1.6.0
benchmark: 5.2.3 (defaults: timer=time.perf_counter disable_gc=False min_rounds=5 min_time=0.000005 max_time=1.0 calibration_precision=10 warmup=False warmup_iterations=100000)
Using --randomly-seed=991487010
rootdir: /Users/chrislehnen/Projecten/Definitie-app
configfile: pytest.ini
plugins: benchmark-5.2.3, mock-3.15.1, locust-2.44.1, xdist-3.8.0, timeout-2.4.0, asyncio-1.4.0, randomly-4.1.0, Faker-40.21.0, cov-7.0.0, anyio-4.13.0
timeout: 120.0s
timeout method: thread
timeout func_only: False
asyncio: mode=Mode.AUTO, debug=False, asyncio_default_fixture_loop_scope=None, asyncio_default_test_loop_scope=function
collected 6 items

tests/unit/services/prompts/test_def770_int01_promptnorm.py ..           [ 33%]
tests/unit/services/prompts/test_def771_int02_promptnorm.py ....         [100%]

============================== 6 passed in 0.54s ===============================
# exitstatus 1: 0
## 2. commando: .venv/bin/python -m ruff check src/services/prompts/modules/json_based_rules_module.py tests/unit/services/prompts/test_def771_int02_promptnorm.py docs/analyses/def606-regeldossiers/INT-02-verdieping/onderzoek-20260925/gedeeld/uitvoering/wp2-rendering.py
RUF100 [*] Unused `noqa` directive (non-enabled: `E402`)
  --> docs/analyses/def606-regeldossiers/INT-02-verdieping/onderzoek-20260925/gedeeld/uitvoering/wp2-rendering.py:15:74
   |
13 | sys.path.insert(0, "src")
14 |
15 | from services.definition_generator_config import UnifiedGeneratorConfig  # noqa: E402
   |                                                                          ^^^^^^^^^^^^
16 | from services.definition_generator_context import EnrichedContext  # noqa: E402
17 | from services.prompts.modules.base_module import ModuleContext  # noqa: E402
   |
help: Remove unused `noqa` directive

RUF100 [*] Unused `noqa` directive (non-enabled: `E402`)
  --> docs/analyses/def606-regeldossiers/INT-02-verdieping/onderzoek-20260925/gedeeld/uitvoering/wp2-rendering.py:16:68
   |
15 | from services.definition_generator_config import UnifiedGeneratorConfig  # noqa: E402
16 | from services.definition_generator_context import EnrichedContext  # noqa: E402
   |                                                                    ^^^^^^^^^^^^
17 | from services.prompts.modules.base_module import ModuleContext  # noqa: E402
18 | from services.prompts.modules.json_based_rules_module import (  # noqa: E402
   |
help: Remove unused `noqa` directive

RUF100 [*] Unused `noqa` directive (non-enabled: `E402`)
  --> docs/analyses/def606-regeldossiers/INT-02-verdieping/onderzoek-20260925/gedeeld/uitvoering/wp2-rendering.py:17:65
   |
15 | from services.definition_generator_config import UnifiedGeneratorConfig  # noqa: E402
16 | from services.definition_generator_context import EnrichedContext  # noqa: E402
17 | from services.prompts.modules.base_module import ModuleContext  # noqa: E402
   |                                                                 ^^^^^^^^^^^^
18 | from services.prompts.modules.json_based_rules_module import (  # noqa: E402
19 |     JSONBasedRulesModule,
   |
help: Remove unused `noqa` directive

RUF100 [*] Unused `noqa` directive (non-enabled: `E402`)
  --> docs/analyses/def606-regeldossiers/INT-02-verdieping/onderzoek-20260925/gedeeld/uitvoering/wp2-rendering.py:18:65
   |
16 | from services.definition_generator_context import EnrichedContext  # noqa: E402
17 | from services.prompts.modules.base_module import ModuleContext  # noqa: E402
18 | from services.prompts.modules.json_based_rules_module import (  # noqa: E402
   |                                                                 ^^^^^^^^^^^^
19 |     JSONBasedRulesModule,
20 | )
   |
help: Remove unused `noqa` directive

RUF100 [*] Unused `noqa` directive (non-enabled: `E402`)
  --> docs/analyses/def606-regeldossiers/INT-02-verdieping/onderzoek-20260925/gedeeld/uitvoering/wp2-rendering.py:21:52
   |
19 |     JSONBasedRulesModule,
20 | )
21 | from toetsregels.rule_cache import get_rule_cache  # noqa: E402
   |                                                    ^^^^^^^^^^^^
22 |
23 | doel = Path(sys.argv[1])
   |
help: Remove unused `noqa` directive

Found 5 errors.
[*] 5 fixable with the `--fix` option.
# exitstatus 2: 1
## 3. commando: .venv/bin/python -m black --check src/services/prompts/modules/json_based_rules_module.py tests/unit/services/prompts/test_def771_int02_promptnorm.py docs/analyses/def606-regeldossiers/INT-02-verdieping/onderzoek-20260925/gedeeld/uitvoering/wp2-rendering.py
would reformat tests/unit/services/prompts/test_def771_int02_promptnorm.py

Oh no! 💥 💔 💥
1 file would be reformatted, 2 files would be left unchanged.
# exitstatus 3: 1
## 4. commando: .venv/bin/python docs/analyses/def606-regeldossiers/INT-02-verdieping/onderzoek-20260925/gedeeld/uitvoering/wp2-rendering.py docs/analyses/def606-regeldossiers/INT-02-verdieping/onderzoek-20260925/gedeeld/uitvoering
docs/analyses/def606-regeldossiers/INT-02-verdieping/onderzoek-20260925/gedeeld/uitvoering/wp2-rendering-int-01-met-voorbeelden.txt
docs/analyses/def606-regeldossiers/INT-02-verdieping/onderzoek-20260925/gedeeld/uitvoering/wp2-rendering-int-02-met-voorbeelden.txt
docs/analyses/def606-regeldossiers/INT-02-verdieping/onderzoek-20260925/gedeeld/uitvoering/wp2-rendering-int-01-zonder-voorbeelden.txt
docs/analyses/def606-regeldossiers/INT-02-verdieping/onderzoek-20260925/gedeeld/uitvoering/wp2-rendering-int-02-zonder-voorbeelden.txt
# exitstatus 4: 0
