[0;34m🔍 Running pre-commit checks...[0m
Running standard pre-commit checks...
Ruff linting..........................................................................Passed
Black formatting......................................................................Passed
Detect hardcoded secrets (gitleaks)...................................................Passed
Bronquarantaine-integriteit (DEF-666).................................................Passed
Block TODO/FIXME markers in code......................................................Passed
Block root-level *.db files...........................................................Passed
Block root files outside the allowlist (DEF-685)......................................Passed
Run smoke tests (quick validation)....................................................Passed
Check forbidden patterns (streamlit in services)......................................Passed
Check Streamlit anti-patterns (DEF-56 lessons)........................................Passed
Warn on large files (>500 LOC)........................................................Passed
Validate juridische_synoniemen.yaml...................................................Passed
Check dependency-confusion (src/ vs requirements.txt) — DEF-409.......................Passed
Ruff linting..........................................................................Passed
Black formatting......................................................................Passed
Detect hardcoded secrets (gitleaks)...................................................Passed
Bronquarantaine-integriteit (DEF-666).................................................Passed
Block TODO/FIXME markers in code......................................................Passed
Block root-level *.db files...........................................................Passed
Block root files outside the allowlist (DEF-685)......................................Passed
Run smoke tests (quick validation)....................................................Passed
Check forbidden patterns (streamlit in services)......................................Passed
Check Streamlit anti-patterns (DEF-56 lessons)........................................Passed
Warn on large files (>500 LOC)........................................................Passed
Validate juridische_synoniemen.yaml...............................(no files to check)Skipped
Check dependency-confusion (src/ vs requirements.txt) — DEF-409...(no files to check)Skipped
[bugfix/DEF-766-ess03-telbaarheid f51a38307] fix(DEF-766): Beoordeel ESS-03 scoreloos op telbaarheid
 16 files changed, 993 insertions(+), 76 deletions(-)
 create mode 100644 docs/analyses/def606-regeldossiers/ESS-03-fix/2026-09-18-uitvoering-v1.md
 create mode 100644 tests/unit/services/prompts/test_def766_ess03_promptnorm.py
 create mode 100644 tests/unit/validation/test_def766_ess03_telbaarheid.py
