DEF-835 — mutatiecontrole na besluit 19 (kaal bron-ID, keuze 1A)
Datum: 2026-10-08 · branch feature/DEF-835-int02-o2 (ongecommit, HEAD c9e75ecb2)

Werkwijze
- Plugin: bronfuncties-v1/mutatie/mutatie_plugin.py, nu met 21 mutanten. Nieuw (r.130–146):
  - `alias_weg_b19`: de aanroep van `_canonieke_sleutel` is weg; de sleutel blijft
    wat het model gaf (de stand van v8). Dit is de "mutant zonder alias".
  - `alias_te_ruim_b19`: een bron telt als treffer als haar ID eindigt op het laatste
    deel van de sleutel (na de laatste "/"). Dan worden ook "1", "/B1" en
    "bedoeling/B1" als bron/B1 gelezen. Dit is de "mutant met te ruime alias".
  - `alias_zonder_reservering_b19` (extra): de uitsluiting van gereserveerde
    sleutelvormen (`bedoeling`, `<contextveld>/…`, `bron/…`) is weg.
- Testset per run (zelfde drie bestanden als herstel3): test_def835_int02_bronfuncties.py,
  test_def835_int02_papertest.py en test_def835_int02_assessment_service.py, met dezelfde
  deselect (de cwd-afhankelijke containertest). Per run 570 tests.
- Commando (vanuit bronfuncties-v1/mutatie, zonder env-prefix, elke mutant als los
  commando; een eigen driverscript en shellvariabelen werden geweigerd):
    <python> -m pytest -p mutatie_plugin --def835-mutant <naam> -p no:cacheprovider \
      --tb=no -q --rootdir=<werkboom> --deselect <containertest> \
      --junitxml=resultaten/besluit19-<naam>.xml <drie absolute testpaden>
- Interpreter: /Users/chrislehnen/Projecten/Definitie-app/.venv/bin/python.
- Alles in het geheugen; de plugin eist dat elk fragment precies 1x in contract.py
  staat. Alle 21 fragmenten zijn gevonden.
- Ruwe uitkomst: mutatie/resultaten/besluit19-<naam>.xml (tellingen uit <testsuite>).
- De runs draaiden vóór de laatste commentaarwijziging in contract.py (r.374–375,
  alleen commentaar bij ANTWOORDSCHEMA_SHA256). Daarna zijn de gerichte tests opnieuw
  groen gedraaid.

Uitkomst (gedood = minstens één test faalt)

mutant                                   kernvoorwaarde                                               gefaald/570  oordeel
---------------------------------------  -----------------------------------------------------------  -----------  -------
nulmeting (geen mutant)                  —                                                                0        groen
alias_weg_b19 (NIEUW)                    besluit 19: een kaal bron-ID wordt bron/<id>                     12        gedood
alias_te_ruim_b19 (NIEUW)                besluit 19: alleen een exact gelijk ID                            4        gedood
alias_zonder_reservering_b19 (NIEUW)     besluit 19: gereserveerde vorm nooit als bron                     4        gedood
isalnum_p1rest2                          letter (L*) zonder onzichtbare; cijfers tellen niet              70        gedood
onzichtbaar_vergeten_p1rest2             onzichtbare letters tonen geen betekenis                         50        gedood
betekenisdragend_weg_p1rest              alleen tekst met een zichtbare letter draagt een oordeel        102        gedood
passagecitaat_ongetoetst_p1rest          passagecitaat zonder zichtbare letter is leeg                    16        gedood
inhoudsloze_bedoeling_bekend_p1rest      bedoeling zonder zichtbare letter is in stap 4 onbekend          16        gedood
onzekerheid_genegeerd_17                 besluit 17: decisive blokkeert een afgeleide pass                 5        gedood
stap1_weg                                stap 1: voorschrift in de kern is altijd gebrek                  18        gedood
bedoeling_symmetrisch_1a                 1B: bedoeling beslecht conflict alleen naar gebrek                3        gedood
n_geen_conflict_6a                       6A: not_a_criterion botst met criterion                           6        gedood
tweede_signaal_altijd_3a                 3A: één voorschrift-bron vraagt een tweede signaal               30        gedood
n_geen_tweede_signaal_6a                 6A: G én N samen = tweede signaal                                 8        gedood
alleen_o_zwijgt                          alleen 'unclear' is review, niet zwijgen                          8        gedood
beschrijvend_zonder_bedoeling_pass_5a    5A: beschrijvend, alles zwijgt, bedoeling onbekend = review      36        gedood
discretie_zonder_bedoeling_weg_b12       besluit 12: discretievorm zonder bedoeling = review              20        gedood
dekkingseis_weg                          onvolledige dekking is review                                     2        gedood
review_voor_gebrek                       gebrek gaat voor review                                           1        gedood
omzetting_nooit                          2A: omzetting bij afwijkende status                              57        gedood
modelverdict_beslist_2a                  2A: de afleiding beslist, niet het modelverdict                 104        gedood

=> 21/21 gedood; nulmeting 570/570 groen.
   Ten opzichte van herstel3 alleen hoger door de nieuwe tests: omzetting_nooit 56 → 57,
   modelverdict_beslist_2a 98 → 104. De andere tellingen zijn gelijk.

Welke tests `alias_weg_b19` vangt (12)
   3 test_19_g060_tegenhanger_met_kale_ids_is_review_conflict[insufficient_information|pass|fail]
   3 test_g060_met_kale_bron_ids_volgt_het_label_via_conflict[label|pass|fail] (papertest)
   1 test_19_alle_bron_ids_kaal_en_meer_passages
   1 test_19_kaal_id_en_canonieke_sleutel_samen_is_een_dubbele_grondbron
   1 test_19_alias_is_exact_en_hoofdlettergevoelig_zonder_verwarring
   1 test_19_hercontrole_van_het_genormaliseerde_document_is_het_bewaarde_oordeel
   1 test_19_bewaard_oordeel_met_kale_sleutel_is_error_bij_hercontrole
   1 test_19_sleutels_van_bedoeling_en_context_blijven_ongewijzigd

Welke tests `alias_te_ruim_b19` vangt (4)
   test_19_onbekend_id_en_elke_andere_afwijkende_sleutel_blijft_niet_herleidbaar
   met de sleutels "1", "/B1", "bedoeling/B1" en "Bron/B1".

Welke tests `alias_zonder_reservering_b19` vangt (4)
   test_19_gereserveerde_sleutelvorm_wordt_nooit_als_bron_gelezen
   [bedoeling, contextvorm, basisvorm, bronvorm].
