........................................................................ [  5%]
........................................................................ [ 11%]
........................................................................ [ 17%]
........................................................................ [ 22%]
........................................................................ [ 28%]
........................................................................ [ 34%]
........................................................................ [ 39%]
.........................sssss.ss.ss.ss................................. [ 45%]
........................................................................ [ 51%]
........................................................................ [ 57%]
........................................................................ [ 62%]
........................................................................ [ 68%]
........................................................................ [ 74%]
........................................................................ [ 79%]
........................................................................ [ 85%]
........................................................................ [ 91%]
........................................................................ [ 96%]
......................................                                   [100%]
=============================== warnings summary ===============================
../../../.venv/lib/python3.13/site-packages/pythonjsonlogger/jsonlogger.py:11
  /Users/chrislehnen/Projecten/Definitie-app/.venv/lib/python3.13/site-packages/pythonjsonlogger/jsonlogger.py:11: DeprecationWarning: pythonjsonlogger.jsonlogger has been moved to pythonjsonlogger.json
    warnings.warn(

../../../.venv/lib/python3.13/site-packages/fastapi/testclient.py:1
  /Users/chrislehnen/Projecten/Definitie-app/.venv/lib/python3.13/site-packages/fastapi/testclient.py:1: StarletteDeprecationWarning: Using `httpx` with `starlette.testclient` is deprecated; install `httpx2` instead.
    from starlette.testclient import TestClient as TestClient  # noqa

-- Docs: https://docs.pytest.org/en/stable/how-to/capture-warnings.html
1251 passed, 11 skipped, 7913 deselected, 2 warnings in 43.60s
