[0;34m🔍 Running pre-commit checks...[0m
Running standard pre-commit checks...
Ruff linting..........................................................................Passed
Black formatting......................................................................Passed
Detect hardcoded secrets (gitleaks)...................................................Passed
Bronquarantaine-integriteit (DEF-666).................................................Passed
Block TODO/FIXME markers in code......................................................Passed
Block root-level *.db files...........................................................Passed
Block root files outside the allowlist (DEF-685)......................................Passed
Run smoke tests (quick validation)....................................................Passed
Check forbidden patterns (streamlit in services)......................................Passed
Check Streamlit anti-patterns (DEF-56 lessons)........................................Passed
Warn on large files (>500 LOC)........................................................Passed
Validate juridische_synoniemen.yaml...................................................Passed
Check dependency-confusion (src/ vs requirements.txt) — DEF-409.......................Passed
Ruff linting......................................................(no files to check)Skipped
Black formatting..................................................(no files to check)Skipped
Detect hardcoded secrets (gitleaks)...................................................Passed
Bronquarantaine-integriteit (DEF-666).................................................Passed
Block TODO/FIXME markers in code..................................(no files to check)Skipped
Block root-level *.db files...........................................................Passed
Block root files outside the allowlist (DEF-685)......................................Passed
Run smoke tests (quick validation)................................(no files to check)Skipped
Check forbidden patterns (streamlit in services)..................(no files to check)Skipped
Check Streamlit anti-patterns (DEF-56 lessons)....................(no files to check)Skipped
Warn on large files (>500 LOC)....................................(no files to check)Skipped
Validate juridische_synoniemen.yaml...............................(no files to check)Skipped
Check dependency-confusion (src/ vs requirements.txt) — DEF-409...(no files to check)Skipped
[feature/DEF-770-int01-effectproeven 3c2535361] docs(DEF-770): Begrens afkortingsonzekerheid in INT-01
 1 file changed, 1 insertion(+), 1 deletion(-)
