## Stap 1 - nieuwe en gewijzigde testbestanden (HEAD 78d1e0b7a + werkboomwijzigingen, 2026-10-07 UTC)
........................................................................ [ 17%]
........................................................................ [ 35%]
........................................................................ [ 53%]
........................................................................ [ 70%]
........................................................................ [ 88%]
..............................................                           [100%]
406 passed in 1.82s
## Stap 2 - pytest -o addopts='' --import-mode=importlib -q -k 'def835 or int02' tests/unit
..................................................................sssss. [  7%]
ss..ssss................................................................ [ 15%]
........................................................................ [ 22%]
........................................................................ [ 30%]
........................................................................ [ 37%]
........................................................................ [ 45%]
........................................................................ [ 52%]
........................................................................ [ 60%]
........................................................................ [ 68%]
........................................................................ [ 75%]
........................................................................ [ 83%]
........................................................................ [ 90%]
........................................................................ [ 98%]
................                                                         [100%]
=============================== warnings summary ===============================
../../../.venv/lib/python3.13/site-packages/pythonjsonlogger/jsonlogger.py:11
  /Users/chrislehnen/Projecten/Definitie-app/.venv/lib/python3.13/site-packages/pythonjsonlogger/jsonlogger.py:11: DeprecationWarning: pythonjsonlogger.jsonlogger has been moved to pythonjsonlogger.json
    warnings.warn(

../../../.venv/lib/python3.13/site-packages/fastapi/testclient.py:1
  /Users/chrislehnen/Projecten/Definitie-app/.venv/lib/python3.13/site-packages/fastapi/testclient.py:1: StarletteDeprecationWarning: Using `httpx` with `starlette.testclient` is deprecated; install `httpx2` instead.
    from starlette.testclient import TestClient as TestClient  # noqa

-- Docs: https://docs.pytest.org/en/stable/how-to/capture-warnings.html
941 passed, 11 skipped, 7913 deselected, 2 warnings in 33.11s
## Stap 3 - gerichte selectie (promptcorrectie-testbinding-v1.md: prompt, dienst, evaluator, modelproef)
........................................................................ [ 15%]
........................................................................ [ 31%]
........................................................................ [ 46%]
........................................................................ [ 62%]
........................................................................ [ 78%]
........................................................................ [ 93%]
............................                                             [100%]
460 passed in 28.10s
## Stap 4 - ruff check (venv) en black --check op de 10 gewijzigde/nieuwe .py-bestanden
ruff 0.15.17
All checks passed!
black, 26.5.1 (compiled: yes)
Python (CPython) 3.13.15
All done! ✨ 🍰 ✨
10 files would be left unchanged.
## Extra - INT-02-schema-integratie (assessment met omzetting tegen het echte schema)
......................                                                   [100%]
22 passed, 19 deselected in 0.47s
