# DEF-835 positiecorrectie-v1 — GROENE run 2: alle def835/int02-unittests
# basis-HEAD 3ba526daefe7da71d8332faba9e5d25fb1df06a3 + niet-gecommitte wijzigingen; 2026-10-07T11:51:42Z; exit=0
# /Users/chrislehnen/Projecten/Definitie-app/.venv/bin/python -m pytest -o addopts="" --import-mode=importlib -q -k "def835 or int02" tests/unit -ra
........................................................................ [  8%]
........................................................................ [ 17%]
........................................................................ [ 25%]
........................................................................ [ 34%]
........................................................................ [ 42%]
........................................................................ [ 51%]
........................................................................ [ 59%]
........................................................................ [ 68%]
........................................................................ [ 77%]
........................................................................ [ 85%]
........................................................................ [ 94%]
................................sss..sssss..sss..                        [100%]
=============================== warnings summary ===============================
../../../.venv/lib/python3.13/site-packages/pythonjsonlogger/jsonlogger.py:11
  /Users/chrislehnen/Projecten/Definitie-app/.venv/lib/python3.13/site-packages/pythonjsonlogger/jsonlogger.py:11: DeprecationWarning: pythonjsonlogger.jsonlogger has been moved to pythonjsonlogger.json
    warnings.warn(

../../../.venv/lib/python3.13/site-packages/fastapi/testclient.py:1
  /Users/chrislehnen/Projecten/Definitie-app/.venv/lib/python3.13/site-packages/fastapi/testclient.py:1: StarletteDeprecationWarning: Using `httpx` with `starlette.testclient` is deprecated; install `httpx2` instead.
    from starlette.testclient import TestClient as TestClient  # noqa

-- Docs: https://docs.pytest.org/en/stable/how-to/capture-warnings.html
=========================== short test summary info ============================
SKIPPED [3] tests/unit/validation/test_def771_int02_contract.py:165: DEF771_SKILLS_ROOT niet gezet: skillcontract (tweede repository _claude-global-setup) niet gecontroleerd
SKIPPED [1] tests/unit/validation/test_def771_int02_contract.py:142: DEF771_SKILLS_ROOT niet gezet: skillcontract (tweede repository _claude-global-setup) niet gecontroleerd
SKIPPED [1] tests/unit/validation/test_def771_int02_contract.py:138: DEF771_SKILLS_ROOT niet gezet: skillcontract (tweede repository _claude-global-setup) niet gecontroleerd
SKIPPED [1] tests/unit/validation/test_def771_int02_contract.py:153: DEF771_SKILLS_ROOT niet gezet: skillcontract (tweede repository _claude-global-setup) niet gecontroleerd
SKIPPED [2] tests/unit/validation/test_def771_int02_contract.py:183: DEF771_SKILLS_ROOT niet gezet: skillcontract (tweede repository _claude-global-setup) niet gecontroleerd
SKIPPED [1] tests/unit/validation/test_def771_int02_contract.py:131: DEF771_SKILLS_ROOT niet gezet: skillcontract (tweede repository _claude-global-setup) niet gecontroleerd
SKIPPED [1] tests/unit/validation/test_def771_int02_contract.py:160: DEF771_SKILLS_ROOT niet gezet: skillcontract (tweede repository _claude-global-setup) niet gecontroleerd
SKIPPED [1] tests/unit/validation/test_def771_int02_contract.py:172: DEF771_SKILLS_ROOT niet gezet: skillcontract (tweede repository _claude-global-setup) niet gecontroleerd
830 passed, 11 skipped, 7913 deselected, 2 warnings in 37.05s
