........................................................................ [  9%]
........................................................................ [ 18%]
........................................................................ [ 27%]
........................................................................ [ 36%]
........................................................................ [ 45%]
........................................................................ [ 54%]
........................................................................ [ 63%]
........................................................................ [ 72%]
........................................................................ [ 81%]
........................................................................ [ 91%]
.......................................................................  [100%]
=============================== warnings summary ===============================
../../../.venv/lib/python3.13/site-packages/pythonjsonlogger/jsonlogger.py:11
  /Users/chrislehnen/Projecten/Definitie-app/.venv/lib/python3.13/site-packages/pythonjsonlogger/jsonlogger.py:11: DeprecationWarning: pythonjsonlogger.jsonlogger has been moved to pythonjsonlogger.json
    warnings.warn(

../../../.venv/lib/python3.13/site-packages/fastapi/testclient.py:1
  /Users/chrislehnen/Projecten/Definitie-app/.venv/lib/python3.13/site-packages/fastapi/testclient.py:1: StarletteDeprecationWarning: Using `httpx` with `starlette.testclient` is deprecated; install `httpx2` instead.
    from starlette.testclient import TestClient as TestClient  # noqa

-- Docs: https://docs.pytest.org/en/stable/how-to/capture-warnings.html
791 passed, 8143 deselected, 2 warnings in 21.96s
